src/apps/application/BusinessApplicationForm.tsx(7,3): error TS6133: 'Building2' is declared but its value is never read.
src/apps/application/BusinessApplicationForm.tsx(8,3): error TS6133: 'DollarSign' is declared but its value is never read.
src/apps/application/IndividualApplicationForm.tsx(7,3): error TS6133: 'User' is declared but its value is never read.
src/apps/application/IndividualApplicationForm.tsx(8,3): error TS6133: 'DollarSign' is declared but its value is never read.
src/apps/auditor/AuditReportGenerator.tsx(1,20): error TS6133: 'useEffect' is declared but its value is never read.
src/apps/auditor/AuditReportGenerator.tsx(9,11): error TS6196: 'ReportTemplate' is declared but never used.
src/apps/docu-digitizer/DocumentParser.tsx(12,15): error TS2459: Module '"./MultimodalInputTabs"' declares 'TranscriptionResult' locally, but it is not exported.
src/apps/docu-digitizer/DocumentParser.tsx(12,36): error TS2459: Module '"./MultimodalInputTabs"' declares 'ExtractionResult' locally, but it is not exported.
src/apps/docu-digitizer/DocumentParser.tsx(12,54): error TS2459: Module '"./MultimodalInputTabs"' declares 'DocumentResult' locally, but it is not exported.
src/apps/docu-digitizer/DocumentParser.tsx(383,10): error TS6133: 'loadedDocumentId' is declared but its value is never read.
src/apps/document-generator/AudioRecorder.tsx(8,8): error TS6133: 'React' is declared but its value is never read.
src/apps/document-generator/CdmDataPreview.tsx(196,32): error TS2339: Property 'address' does not exist on type 'Party'.
src/apps/document-generator/CdmDataPreview.tsx(199,66): error TS2339: Property 'address' does not exist on type 'Party'.
src/apps/document-generator/CdmDataPreview.tsx(221,33): error TS2339: Property 'facility_identification' does not exist on type 'Facility'.
src/apps/document-generator/CdmDataPreview.tsx(227,35): error TS2339: Property 'facility_identification' does not exist on type 'Facility'.
src/apps/document-generator/CdmDataPreview.tsx(229,33): error TS2339: Property 'facility_type' does not exist on type 'Facility'.
src/apps/document-generator/CdmDataPreview.tsx(231,37): error TS2339: Property 'facility_type' does not exist on type 'Facility'.
src/apps/document-generator/CdmDataPreview.tsx(248,31): error TS2551: Property 'interest_rate' does not exist on type 'Facility'. Did you mean 'interest_terms'?
src/apps/document-generator/CdmDataPreview.tsx(252,44): error TS2551: Property 'interest_rate' does not exist on type 'Facility'. Did you mean 'interest_terms'?
src/apps/document-generator/CdmDataPreview.tsx(253,43): error TS2551: Property 'interest_rate' does not exist on type 'Facility'. Did you mean 'interest_terms'?
src/apps/document-generator/CdmDataPreview.tsx(254,40): error TS2551: Property 'interest_rate' does not exist on type 'Facility'. Did you mean 'interest_terms'?
src/apps/document-generator/CdmPreviewCard.tsx(11,1): error TS6133: 'CreditAgreementData' is declared but its value is never read.
src/apps/document-generator/CdmPreviewCard.tsx(32,3): error TS6133: 'borrowerLei' is declared but its value is never read.
src/apps/document-generator/CdmPreviewCard.tsx(131,50): error TS2345: Argument of type 'string | null | undefined' is not assignable to parameter of type 'string | null'.
  Type 'undefined' is not assignable to type 'string | null'.
src/apps/document-generator/ChatbotPanel.tsx(14,3): error TS6133: 'MessageSquare' is declared but its value is never read.
src/apps/document-generator/ChatbotPanel.tsx(20,3): error TS6133: 'CheckCircle2' is declared but its value is never read.
src/apps/document-generator/ChatbotPanel.tsx(21,3): error TS6133: 'ChevronRight' is declared but its value is never read.
src/apps/document-generator/ChatbotPanel.tsx(24,3): error TS6133: 'Calendar' is declared but its value is never read.
src/apps/document-generator/ChatbotPanel.tsx(30,3): error TS6133: 'ChevronDown' is declared but its value is never read.
src/apps/document-generator/ChatbotPanel.tsx(119,9): error TS6133: 'location' is declared but its value is never read.
src/apps/document-generator/ChatbotPanel.tsx(141,10): error TS6133: 'showSuggestions' is declared but its value is never read.
src/apps/document-generator/ChatbotPanel.tsx(142,10): error TS6133: 'templateSuggestions' is declared but its value is never read.
src/apps/document-generator/ChatbotPanel.tsx(148,10): error TS6133: 'availableDeals' is declared but its value is never read.
src/apps/document-generator/ChatbotPanel.tsx(149,10): error TS6133: 'loadingDeals' is declared but its value is never read.
src/apps/document-generator/ChatbotPanel.tsx(151,27): error TS6133: 'setDealSearchQuery' is declared but its value is never read.
src/apps/document-generator/ChatbotPanel.tsx(250,9): error TS6133: 'handleSelectDeal' is declared but its value is never read.
src/apps/document-generator/ChatbotPanel.tsx(258,9): error TS6133: 'handleClearDeal' is declared but its value is never read.
src/apps/document-generator/ChatbotPanel.tsx(322,34): error TS2345: Argument of type 'TemplateSuggestion[] | undefined' is not assignable to parameter of type 'SetStateAction<TemplateSuggestion[]>'.
  Type 'undefined' is not assignable to type 'SetStateAction<TemplateSuggestion[]>'.
src/apps/document-generator/ChatbotPanel.tsx(403,9): error TS6133: 'handleFillFields' is declared but its value is never read.
src/apps/document-generator/DataInputForm.tsx(11,8): error TS6133: 'React' is declared but its value is never read.
src/apps/document-generator/DataInputForm.tsx(12,57): error TS6133: 'Scale' is declared but its value is never read.
src/apps/document-generator/DataInputForm.tsx(361,32): error TS18048: 'facility.interest_terms' is possibly 'undefined'.
src/apps/document-generator/DataInputForm.tsx(385,32): error TS18048: 'facility.interest_terms' is possibly 'undefined'.
src/apps/document-generator/DataInputForm.tsx(402,27): error TS2322: Type '{ payment_frequency: { period: string; period_multiplier: number; }; rate_option?: { benchmark: string; spread_bps: number; } | undefined; }' is not assignable to type '{ rate_option: { benchmark: string; spread_bps: number; }; payment_frequency?: { period: string; period_multiplier: number; } | undefined; }'.
  Types of property 'rate_option' are incompatible.
    Type '{ benchmark: string; spread_bps: number; } | undefined' is not assignable to type '{ benchmark: string; spread_bps: number; }'.
      Type 'undefined' is not assignable to type '{ benchmark: string; spread_bps: number; }'.
src/apps/document-generator/DocumentCdmSelector.tsx(9,1): error TS6192: All imports in import declaration are unused.
src/apps/document-generator/DocumentCdmSelector.tsx(10,1): error TS6133: 'Button' is declared but its value is never read.
src/apps/document-generator/DocumentCdmSelector.tsx(15,3): error TS6133: 'Building2' is declared but its value is never read.
src/apps/document-generator/DocumentCdmSelector.tsx(16,3): error TS6133: 'Calendar' is declared but its value is never read.
src/apps/document-generator/DocumentCdmSelector.tsx(17,3): error TS6133: 'DollarSign' is declared but its value is never read.
src/apps/document-generator/DocumentCdmSelector.tsx(18,3): error TS6133: 'Scale' is declared but its value is never read.
src/apps/document-generator/DocumentCdmSelector.tsx(19,3): error TS6133: 'CheckCircle2' is declared but its value is never read.
src/apps/document-generator/DocumentCdmSelector.tsx(20,3): error TS6133: 'Loader2' is declared but its value is never read.
src/apps/document-generator/DocumentCdmSelector.tsx(22,3): error TS6133: 'Eye' is declared but its value is never read.
src/apps/document-generator/DocumentCdmSelector.tsx(23,3): error TS6133: 'X' is declared but its value is never read.
src/apps/document-generator/DocumentCdmSelector.tsx(24,3): error TS6133: 'Users' is declared but its value is never read.
src/apps/document-generator/DocumentCdmSelector.tsx(25,3): error TS6133: 'Briefcase' is declared but its value is never read.
src/apps/document-generator/DocumentCdmSelector.tsx(26,3): error TS6133: 'Info' is declared but its value is never read.
src/apps/document-generator/DocumentCdmSelector.tsx(27,3): error TS6133: 'ExternalLink' is declared but its value is never read.
src/apps/document-generator/DocumentCdmSelector.tsx(71,10): error TS6133: 'isSelecting' is declared but its value is never read.
src/apps/document-generator/DocumentCdmSelector.tsx(227,9): error TS6133: 'formatCurrency' is declared but its value is never read.
src/apps/document-generator/DocumentCdmSelector.tsx(233,9): error TS6133: 'formatDate' is declared but its value is never read.
src/apps/document-generator/DocumentCdmSelector.tsx(242,9): error TS6133: 'getStatusBadge' is declared but its value is never read.
src/apps/document-generator/DocumentCdmSelector.tsx(253,9): error TS6133: 'getCompletenessColor' is declared but its value is never read.
src/apps/document-generator/DocumentGenerator.tsx(15,66): error TS6133: 'Merge' is declared but its value is never read.
src/apps/document-generator/DocumentGenerator.tsx(17,1): error TS6133: 'ProcessingStatus' is declared but its value is never read.
src/apps/document-generator/DocumentGenerator.tsx(18,1): error TS6133: 'DocumentCdmSelector' is declared but its value is never read.
src/apps/document-generator/DocumentGenerator.tsx(21,1): error TS6133: 'CdmFieldEditor' is declared but its value is never read.
src/apps/document-generator/DocumentGenerator.tsx(23,1): error TS6133: 'TemplateGrid' is declared but its value is never read.
src/apps/document-generator/DocumentGenerator.tsx(28,1): error TS6192: All imports in import declaration are unused.
src/apps/document-generator/DocumentGenerator.tsx(80,21): error TS6133: 'setInputMode' is declared but its value is never read.
src/apps/document-generator/DocumentGenerator.tsx(84,26): error TS6133: 'setPreviewCdmData' is declared but its value is never read.
src/apps/document-generator/DocumentGenerator.tsx(85,32): error TS6133: 'setPreviewDocumentTitle' is declared but its value is never read.
src/apps/document-generator/DocumentGenerator.tsx(258,17): error TS6133: 'requirements' is declared but its value is never read.
src/apps/document-generator/DocumentGenerator.tsx(315,22): error TS18047: 'selectedTemplate' is possibly 'null'.
src/apps/document-generator/DocumentGenerator.tsx(347,15): error TS6133: 'errorData' is declared but its value is never read.
src/apps/document-generator/DocumentGenerator.tsx(391,15): error TS6133: 'errorData' is declared but its value is never read.
src/apps/document-generator/DocumentPreview.tsx(10,8): error TS6133: 'React' is declared but its value is never read.
src/apps/document-generator/DocumentPreview.tsx(36,22): error TS6133: 'setPreviewUrl' is declared but its value is never read.
src/apps/document-generator/DocumentPreview.tsx(63,28): error TS2339: Property 'createElement' does not exist on type 'GeneratedDocument'.
src/apps/document-generator/DocumentPreview.tsx(66,18): error TS2339: Property 'body' does not exist on type 'GeneratedDocument'.
src/apps/document-generator/DocumentPreview.tsx(69,18): error TS2339: Property 'body' does not exist on type 'GeneratedDocument'.
src/apps/document-generator/ExportDialog.tsx(8,8): error TS6133: 'React' is declared but its value is never read.
src/apps/document-generator/FieldEditorModal.tsx(13,46): error TS6133: 'X' is declared but its value is never read.
src/apps/document-generator/FieldEditorModal.tsx(42,3): error TS6133: 'missingFields' is declared but its value is never read.
src/apps/document-generator/FieldFillingPanel.tsx(10,20): error TS6133: 'useCallback' is declared but its value is never read.
src/apps/document-generator/ImageUploader.tsx(9,85): error TS6133: 'Trash2' is declared but its value is never read.
src/apps/document-generator/InputTabs.tsx(92,13): error TS2322: Type '((result: { ocrText: string; agreement?: Record<string, unknown> | undefined; extraction_status?: string | undefined; }) => void) | undefined' is not assignable to type '((result: ExtractionResult) => void) | undefined'.
  Type '(result: { ocrText: string; agreement?: Record<string, unknown> | undefined; extraction_status?: string | undefined; }) => void' is not assignable to type '(result: ExtractionResult) => void'.
    Types of parameters 'result' and 'result' are incompatible.
      Property 'ocrText' is missing in type 'ExtractionResult' but required in type '{ ocrText: string; agreement?: Record<string, unknown> | undefined; extraction_status?: string | undefined; }'.
src/apps/document-generator/InputTabs.tsx(103,27): error TS2339: Property 'id' does not exist on type 'DocumentResult'.
src/apps/document-generator/InputTabs.tsx(104,30): error TS2339: Property 'title' does not exist on type 'DocumentResult'.
src/apps/document-generator/InputTabs.tsx(105,19): error TS2322: Type 'Record<string, unknown> | null | undefined' is not assignable to type 'Record<string, unknown> | undefined'.
  Type 'null' is not assignable to type 'Record<string, unknown> | undefined'.
src/apps/document-generator/InputTabs.tsx(118,13): error TS2322: Type '{ onDocumentSelect: (doc: DocumentResult) => void; onCdmDataSelect: (cdmData: Record<string, unknown>) => void; onError: ((error: string) => void) | undefined; }' is not assignable to type 'IntrinsicAttributes & DocumentSearchProps'.
  Property 'onError' does not exist on type 'IntrinsicAttributes & DocumentSearchProps'.
src/apps/document-generator/MultimodalInputPanel.tsx(8,8): error TS6133: 'React' is declared but its value is never read.
src/apps/document-generator/PreGenerationStats.tsx(175,9): error TS6133: 'getCompletenessBgColor' is declared but its value is never read.
src/apps/document-generator/ProcessingStatus.tsx(8,8): error TS6133: 'React' is declared but its value is never read.
src/apps/document-generator/ProcessingStatus.tsx(12,3): error TS6133: 'AlertCircle' is declared but its value is never read.
src/apps/document-generator/TemplateSelector.tsx(7,8): error TS6133: 'React' is declared but its value is never read.
src/apps/document-generator/TemplateSelector.tsx(7,27): error TS6133: 'useEffect' is declared but its value is never read.
src/apps/green-lens/GreenLens.tsx(7,141): error TS6133: 'Building2' is declared but its value is never read.
src/apps/green-lens/GreenLens.tsx(175,56): error TS2339: Property 'spread_bps' does not exist on type 'Facility'.
src/apps/green-lens/GreenLens.tsx(221,58): error TS2339: Property 'spread_bps' does not exist on type 'Facility'.
src/apps/policy-editor/ApprovalHistory.tsx(20,3): error TS6133: 'Filter' is declared but its value is never read.
src/apps/policy-editor/ApprovalHistory.tsx(152,35): error TS6133: 'index' is declared but its value is never read.
src/apps/policy-editor/PolicyApprovalModal.tsx(17,3): error TS6133: 'X' is declared but its value is never read.
src/apps/policy-editor/PolicyApprovalQueue.tsx(11,31): error TS6133: 'useCallback' is declared but its value is never read.
src/apps/policy-editor/PolicyApprovalQueue.tsx(27,29): error TS6133: 'CardDescription' is declared but its value is never read.
src/apps/policy-editor/PolicyApprovalQueue.tsx(27,46): error TS6133: 'CardHeader' is declared but its value is never read.
src/apps/policy-editor/PolicyApprovalQueue.tsx(27,58): error TS6133: 'CardTitle' is declared but its value is never read.
src/apps/policy-editor/PolicyEditor.tsx(11,31): error TS6133: 'useCallback' is declared but its value is never read.
src/apps/policy-editor/PolicyEditor.tsx(11,44): error TS6133: 'useMemo' is declared but its value is never read.
src/apps/policy-editor/PolicyEditor.tsx(14,1): error TS6133: 'RuleBuilder' is declared but its value is never read.
src/apps/policy-editor/PolicyEditor.tsx(23,3): error TS6133: 'Play' is declared but its value is never read.
src/apps/policy-editor/PolicyEditor.tsx(24,3): error TS6133: 'Eye' is declared but its value is never read.
src/apps/policy-editor/PolicyEditor.tsx(27,3): error TS6133: 'History' is declared but its value is never read.
src/apps/policy-editor/PolicyEditor.tsx(30,3): error TS6133: 'List' is declared but its value is never read.
src/apps/policy-editor/PolicyEditor.tsx(38,1): error TS6192: All imports in import declaration are unused.
src/apps/policy-editor/PolicyEditor.tsx(78,28): error TS6133: 'user' is declared but its value is never read.
src/apps/policy-editor/PolicyEditor.tsx(81,10): error TS6133: 'policy' is declared but its value is never read.
src/apps/policy-editor/PolicyEditor.tsx(90,10): error TS6133: 'activeTab' is declared but its value is never read.
src/apps/policy-editor/PolicyEditor.tsx(90,21): error TS6133: 'setActiveTab' is declared but its value is never read.
src/apps/policy-editor/PolicyEditor.tsx(228,29): error TS6133: 'yaml' is declared but its value is never read.
src/apps/policy-editor/PolicyTemplateLibrary.tsx(12,31): error TS6133: 'useCallback' is declared but its value is never read.
src/apps/policy-editor/PolicyTemplateLibrary.tsx(22,3): error TS6133: 'Building2' is declared but its value is never read.
src/apps/policy-editor/PolicyTemplateLibrary.tsx(27,29): error TS6133: 'CardDescription' is declared but its value is never read.
src/apps/policy-editor/PolicyTemplateSelector.tsx(11,31): error TS6133: 'useCallback' is declared but its value is never read.
src/apps/policy-editor/PolicyTester.tsx(12,20): error TS6133: 'useEffect' is declared but its value is never read.
src/apps/policy-editor/PolicyTester.tsx(12,31): error TS6133: 'useCallback' is declared but its value is never read.
src/apps/policy-editor/PolicyTester.tsx(22,3): error TS6133: 'Code' is declared but its value is never read.
src/apps/policy-editor/PolicyTester.tsx(23,3): error TS6133: 'List' is declared but its value is never read.
src/apps/policy-editor/PolicyTester.tsx(24,3): error TS6133: 'ArrowRight' is declared but its value is never read.
src/apps/policy-editor/PolicyValidator.tsx(11,31): error TS6133: 'useCallback' is declared but its value is never read.
src/apps/policy-editor/PolicyValidator.tsx(25,1): error TS6192: All imports in import declaration are unused.
src/apps/policy-editor/PolicyVersionHistory.tsx(11,31): error TS6133: 'useCallback' is declared but its value is never read.
src/apps/policy-editor/PolicyVersionHistory.tsx(21,3): error TS6133: 'CheckCircle2' is declared but its value is never read.
src/apps/policy-editor/PolicyVersionHistory.tsx(261,34): error TS6133: 'index' is declared but its value is never read.
src/apps/policy-editor/RuleBuilder.tsx(13,20): error TS6133: 'useCallback' is declared but its value is never read.
src/apps/policy-editor/RuleBuilder.tsx(202,33): error TS6133: 'i' is declared but its value is never read.
src/apps/policy-editor/RuleBuilder.tsx(220,33): error TS6133: 'i' is declared but its value is never read.
src/apps/policy-editor/RuleBuilder.tsx(242,11): error TS6133: 'hasChildren' is declared but its value is never read.
src/apps/policy-editor/TemplateCreator.tsx(19,3): error TS6133: 'X' is declared but its value is never read.
src/apps/policy-editor/TemplateCreator.tsx(25,1): error TS6192: All imports in import declaration are unused.
src/apps/policy-editor/TemplatePreview.tsx(14,3): error TS6133: 'X' is declared but its value is never read.
src/apps/policy-editor/TemplatePreview.tsx(17,3): error TS6133: 'Building2' is declared but its value is never read.
src/apps/policy-editor/TemplatePreview.tsx(19,3): error TS6133: 'User' is declared but its value is never read.
src/apps/policy-editor/TestTransactionBuilder.tsx(10,31): error TS6133: 'useCallback' is declared but its value is never read.
src/apps/policy-editor/TestTransactionBuilder.tsx(17,3): error TS6133: 'Building2' is declared but its value is never read.
src/apps/policy-editor/TestTransactionBuilder.tsx(18,3): error TS6133: 'Loader2' is declared but its value is never read.
src/apps/policy-editor/TestTransactionBuilder.tsx(19,3): error TS6133: 'Plus' is declared but its value is never read.
src/apps/policy-editor/TestTransactionBuilder.tsx(78,10): error TS6133: 'saving' is declared but its value is never read.
src/apps/policy-editor/TestTransactionBuilder.tsx(78,18): error TS6133: 'setSaving' is declared but its value is never read.
src/apps/policy-editor/TestTransactionBuilder.tsx(79,10): error TS6133: 'loading' is declared but its value is never read.
src/apps/trade-blotter/TradeBlotter.tsx(9,36): error TS6133: 'PERMISSION_TRADE_VIEW' is declared but its value is never read.
src/apps/trade-blotter/TradeBlotter.tsx(128,56): error TS2339: Property 'legal_name' does not exist on type 'Party'.
src/apps/trade-blotter/TradeBlotter.tsx(247,13): error TS6133: 'result' is declared but its value is never read.
src/apps/trade-blotter/TradeBlotter.tsx(301,13): error TS6133: 'result' is declared but its value is never read.
src/apps/verification/VerificationPage.tsx(119,27): error TS2339: Property 'status' does not exist on type 'VerificationData'.
src/apps/verification/VerificationPage.tsx(120,28): error TS2339: Property 'status' does not exist on type 'VerificationData'.
src/apps/verification/VerificationPage.tsx(121,28): error TS2339: Property 'status' does not exist on type 'VerificationData'.
src/apps/verification/VerificationPage.tsx(153,24): error TS2339: Property 'status' does not exist on type 'VerificationData'.
src/apps/verification/VerificationPage.tsx(177,61): error TS2339: Property 'status' does not exist on type 'VerificationData'.
src/apps/verification/VerificationPage.tsx(238,19): error TS2362: The left-hand side of an arithmetic operation must be of type 'any', 'number', 'bigint' or an enum type.
src/apps/verification/VerificationPage.tsx(238,47): error TS2363: The right-hand side of an arithmetic operation must be of type 'any', 'number', 'bigint' or an enum type.
src/apps/verification/VerificationPage.tsx(305,23): error TS2339: Property 'accepted_at' does not exist on type 'VerificationData'.
src/apps/verification/VerificationPage.tsx(307,48): error TS2339: Property 'accepted_at' does not exist on type 'VerificationData'.
src/apps/verification/VerificationPage.tsx(325,23): error TS2339: Property 'declined_reason' does not exist on type 'VerificationData'.
src/apps/verification/VerificationPage.tsx(328,56): error TS2339: Property 'declined_reason' does not exist on type 'VerificationData'.
src/apps/verification/VerificationPage.tsx(331,23): error TS2339: Property 'declined_at' does not exist on type 'VerificationData'.
src/apps/verification/VerificationPage.tsx(333,48): error TS2339: Property 'declined_at' does not exist on type 'VerificationData'.
src/components/AdminSignupDashboard.tsx(7,3): error TS6133: 'Filter' is declared but its value is never read.
src/components/ApplicationDashboard.tsx(8,3): error TS6133: 'ChevronRight' is declared but its value is never read.
src/components/ApplicationDashboard.tsx(17,3): error TS6133: 'Calendar' is declared but its value is never read.
src/components/ApplicationDashboard.tsx(22,3): error TS6133: 'Download' is declared but its value is never read.
src/components/ApplicationDashboard.tsx(50,9): error TS6133: 'user' is declared but its value is never read.
src/components/ApplicationStatusTracker.tsx(165,9): error TS6133: 'user' is declared but its value is never read.
src/components/ApplicationStatusTracker.tsx(258,21): error TS6133: 'isLast' is declared but its value is never read.
src/components/AssetVerificationCard.tsx(18,3): error TS6133: 'TrendingDown' is declared but its value is never read.
src/components/audit/AuditTimeline.tsx(84,35): error TS6133: 'index' is declared but its value is never read.
src/components/CdmFieldEditor.tsx(8,31): error TS6133: 'useCallback' is declared but its value is never read.
src/components/CdmFieldEditor.tsx(26,1): error TS6192: All imports in import declaration are unused.
src/components/CdmFieldEditor.tsx(36,11): error TS6196: 'EditableField' is declared but never used.
src/components/ClauseEditor.tsx(19,3): error TS6133: 'CheckCircle2' is declared but its value is never read.
src/components/ClauseEditor.tsx(20,3): error TS6133: 'X' is declared but its value is never read.
src/components/ClauseEditor.tsx(23,3): error TS6133: 'ExternalLink' is declared but its value is never read.
src/components/ClauseEditor.tsx(64,29): error TS6133: 'setSelectedFieldName' is declared but its value is never read.
src/components/Dashboard.tsx(26,3): error TS6133: 'Target' is declared but its value is never read.
src/components/Dashboard.tsx(28,3): error TS6133: 'Mail' is declared but its value is never read.
src/components/Dashboard.tsx(29,3): error TS6133: 'Bell' is declared but its value is never read.
src/components/Dashboard.tsx(30,3): error TS6133: 'User' is declared but its value is never read.
src/components/Dashboard.tsx(31,3): error TS6133: 'ArrowRightCircle' is declared but its value is never read.
src/components/Dashboard.tsx(34,29): error TS6133: 'EmptyState' is declared but its value is never read.
src/components/Dashboard.tsx(40,3): error TS6133: 'PERMISSION_FINANCIAL_VIEW' is declared but its value is never read.
src/components/Dashboard.tsx(259,10): error TS6133: 'applications' is declared but its value is never read.
src/components/Dashboard.tsx(259,52): error TS2304: Cannot find name 'Application'.
src/components/Dashboard.tsx(260,10): error TS6133: 'inquiries' is declared but its value is never read.
src/components/Dashboard.tsx(260,46): error TS2304: Cannot find name 'Inquiry'.
src/components/Dashboard.tsx(261,10): error TS6133: 'meetings' is declared but its value is never read.
src/components/Dashboard.tsx(261,44): error TS2304: Cannot find name 'Meeting'.
src/components/DealDashboard.tsx(8,3): error TS6133: 'ChevronRight' is declared but its value is never read.
src/components/DealDashboard.tsx(9,3): error TS6133: 'Loader2' is declared but its value is never read.
src/components/DealDashboard.tsx(10,3): error TS6133: 'Plus' is declared but its value is never read.
src/components/DealDashboard.tsx(12,3): error TS6133: 'Edit' is declared but its value is never read.
src/components/DealDashboard.tsx(16,3): error TS6133: 'DollarSign' is declared but its value is never read.
src/components/DealDashboard.tsx(42,9): error TS6133: 'user' is declared but its value is never read.
src/components/DealDetail.tsx(9,3): error TS6133: 'Building2' is declared but its value is never read.
src/components/DealDetail.tsx(20,3): error TS6133: 'Edit' is declared but its value is never read.
src/components/DealDetail.tsx(211,9): error TS6133: 'formatEventType' is declared but its value is never read.
src/components/DealDetailModal.tsx(12,3): error TS6133: 'Clock' is declared but its value is never read.
src/components/DealDetailModal.tsx(13,3): error TS6133: 'CheckCircle' is declared but its value is never read.
src/components/DealDetailModal.tsx(14,3): error TS6133: 'AlertCircle' is declared but its value is never read.
src/components/DealTimeline.tsx(10,3): error TS6133: 'ArrowRight' is declared but its value is never read.
src/components/DealTimeline.tsx(11,3): error TS6133: 'RefreshCw' is declared but its value is never read.
src/components/DealTimeline.tsx(97,9): error TS6133: 'data' is declared but its value is never read.
src/components/DealTimeline.tsx(115,3): error TS2322: Type '"default"' is not assignable to type '"success" | "warning" | "pending" | "failure" | "review_needed" | undefined'.
src/components/DealTimeline.tsx(188,9): error TS2322: Type '"success" | "warning" | "pending" | "failure" | "review_needed" | undefined' is not assignable to type '"default" | "success" | "warning" | "pending" | "failure" | "review_needed"'.
  Type 'undefined' is not assignable to type '"default" | "success" | "warning" | "pending" | "failure" | "review_needed"'.
src/components/DealTimeline.tsx(407,25): error TS2322: Type '{}' is not assignable to type 'ReactNode'.
src/components/DemoDataDashboard.tsx(10,10): error TS6133: 'DemoDealCard' is declared but its value is never read.
src/components/DemoDataDashboard.tsx(10,24): error TS2440: Import declaration conflicts with local declaration of 'DemoDeal'.
src/components/DemoDealCard.tsx(5,3): error TS6133: 'Edit' is declared but its value is never read.
src/components/DemoDealCard.tsx(38,3): error TS6133: 'onEdit' is declared but its value is never read.
src/components/DesktopAppLayout.tsx(35,3): error TS6133: 'PERMISSION_APPLICATION_VIEW' is declared but its value is never read.
src/components/DesktopAppLayout.tsx(196,9): error TS6133: 'componentInstanceRef' is declared but its value is never read.
src/components/DesktopAppLayout.tsx(197,9): error TS6133: 'mountCountRef' is declared but its value is never read.
src/components/DesktopAppLayout.tsx(502,21): error TS6133: 'prevApp' is declared but its value is never read.
src/components/DocumentHistory.tsx(35,38): error TS6133: 'PERMISSION_DOCUMENT_EDIT' is declared but its value is never read.
src/components/DocumentHistory.tsx(35,64): error TS6133: 'PERMISSION_DOCUMENT_EXPORT' is declared but its value is never read.
src/components/DocumentHistory.tsx(106,9): error TS6133: 'isAuthenticated' is declared but its value is never read.
src/components/DropZone.tsx(2,18): error TS6133: 'FileText' is declared but its value is never read.
src/components/ErrorBoundary.tsx(1,21): error TS1484: 'ReactNode' is a type and must be imported using a type-only import when 'verbatimModuleSyntax' is enabled.
src/components/ErrorBoundary.tsx(1,32): error TS1484: 'ErrorInfo' is a type and must be imported using a type-only import when 'verbatimModuleSyntax' is enabled.
src/components/green-finance/GreenFinanceMetricsCard.tsx(7,10): error TS6133: 'Building2' is declared but its value is never read.
src/components/green-finance/SustainabilityScoreCard.tsx(31,9): error TS6133: 'getScoreBgColor' is declared but its value is never read.
src/components/InquiryForm.tsx(27,9): error TS6133: 'user' is declared but its value is never read.
src/components/InquiryForm.tsx(62,13): error TS6133: 'data' is declared but its value is never read.
src/components/MainNavigation.tsx(2,36): error TS6133: 'Link' is declared but its value is never read.
src/components/MainNavigation.tsx(115,9): error TS6133: 'user' is declared but its value is never read.
src/components/PermissionGate.tsx(18,10): error TS1484: 'ReactNode' is a type and must be imported using a type-only import when 'verbatimModuleSyntax' is enabled.
src/components/PermissionGate.tsx(47,11): error TS6133: 'hasPermission' is declared but its value is never read.
src/components/ProfileEnrichment.tsx(118,36): error TS6133: 'index' is declared but its value is never read.
src/components/ReviewInterface.tsx(66,11): error TS2322: Type '{ name: string; role: string; }[]' is not assignable to type 'Party[]'.
  Property 'id' is missing in type '{ name: string; role: string; }' but required in type 'Party'.
src/components/ReviewInterface.tsx(67,11): error TS2322: Type '{ name: string; amount: number; currency: string; }[]' is not assignable to type 'Facility[]'.
  Type '{ name: string; amount: number; currency: string; }' is missing the following properties from type 'Facility': facility_name, commitment_amount, interest_terms, maturity_date
src/components/SignupFlow.tsx(12,3): error TS6133: 'User' is declared but its value is never read.
src/components/SignupFlow.tsx(13,3): error TS6133: 'FileText' is declared but its value is never read.
src/components/SignupFlow.tsx(382,33): error TS6133: 'index' is declared but its value is never read.
src/components/SignupFormAccountant.tsx(1,1): error TS6133: 'useState' is declared but its value is never read.
src/components/SignupFormApplicant.tsx(1,1): error TS6133: 'useState' is declared but its value is never read.
src/components/SignupFormBanker.tsx(1,1): error TS6133: 'useState' is declared but its value is never read.
src/components/SignupFormLawOfficer.tsx(1,1): error TS6133: 'useState' is declared but its value is never read.
src/components/TemplateLibrary.tsx(11,8): error TS6133: 'React' is declared but its value is never read.
src/components/ui/collapsible.tsx(29,55): error TS2769: No overload matches this call.
  The last overload gave the following error.
    Object literal may only specify known properties, and 'ref' does not exist in type 'Partial<unknown> & Attributes'.
src/components/VerificationDashboard.tsx(10,92): error TS6133: 'Search' is declared but its value is never read.
src/components/VerificationDashboard.tsx(12,1): error TS6133: 'LocationTypeBadge' is declared but its value is never read.
src/components/VerificationDashboard.tsx(13,1): error TS6133: 'AirQualityIndicator' is declared but its value is never read.
src/components/VerificationDashboard.tsx(14,1): error TS6133: 'SustainabilityScoreCard' is declared but its value is never read.
src/components/VerificationDashboard.tsx(56,12): error TS6133: 'selectedLoan' is declared but its value is never read.
src/components/VerificationLinkCreator.tsx(6,26): error TS2307: Cannot find module '@/components/ui/checkbox' or its corresponding type declarations.
src/components/VerificationLinkCreator.tsx(163,31): error TS7006: Parameter 'checked' implicitly has an 'any' type.
src/components/VerificationLinkCreator.tsx(185,39): error TS7006: Parameter 'checked' implicitly has an 'any' type.
src/components/VerificationLinkCreator.tsx(226,39): error TS7006: Parameter 'checked' implicitly has an 'any' type.
src/components/VerificationLinkCreator.tsx(293,16): error TS2774: This condition will always return true since this function is always defined. Did you mean to call it instead?
src/components/VerificationWidget.tsx(9,23): error TS6133: 'CollapsibleTrigger' is declared but its value is never read.
src/components/VerificationWidget.tsx(9,43): error TS6133: 'CollapsibleContent' is declared but its value is never read.
src/components/VerificationWidget.tsx(16,7): error TS6133: 'DEMO_ASSET' is declared but its value is never read.
src/components/VerificationWidget.tsx(205,27): error TS6133: 'cdmData' is declared but its value is never read.
src/components/VerificationWidget.tsx(219,23): error TS2345: Argument of type '{ type: "finos.cdm.landUse"; id: { internalID: string; }; classification: string; complianceStatus: string; lastInferenceConfidence: number; cloudCover: number; }' is not assignable to parameter of type 'CreditNexusContext'.
  Types of property 'complianceStatus' are incompatible.
    Type 'string' is not assignable to type '"COMPLIANT" | "WARNING" | "BREACH"'.
src/components/VerificationWidget.tsx(247,73): error TS2339: Property 'sdg_alignment' does not exist on type 'GreenFinanceMetrics'.
src/components/VerificationWidget.tsx(248,70): error TS2339: Property 'sdg_alignment' does not exist on type 'GreenFinanceMetrics'.
src/components/VerificationWidget.tsx(249,70): error TS2339: Property 'sdg_alignment' does not exist on type 'GreenFinanceMetrics'.
src/components/VerificationWidget.tsx(250,70): error TS2339: Property 'sdg_alignment' does not exist on type 'GreenFinanceMetrics'.
src/components/VerificationWidget.tsx(251,81): error TS2339: Property 'sdg_alignment' does not exist on type 'GreenFinanceMetrics'.
src/components/VerificationWidget.tsx(253,48): error TS2339: Property 'last_verified_at' does not exist on type 'LoanAsset'.
src/context/AuthContext.tsx(1,58): error TS1484: 'ReactNode' is a type and must be imported using a type-only import when 'verbatimModuleSyntax' is enabled.
src/context/WalletContext.tsx(1,58): error TS1484: 'ReactNode' is a type and must be imported using a type-only import when 'verbatimModuleSyntax' is enabled.
src/context/WalletContext.tsx(35,23): error TS2339: Property 'on' does not exist on type '{ request: (args: { method: string; params?: unknown[] | undefined; }) => Promise<unknown[]>; }'.
src/context/WalletContext.tsx(36,23): error TS2339: Property 'on' does not exist on type '{ request: (args: { method: string; params?: unknown[] | undefined; }) => Promise<unknown[]>; }'.
src/context/WalletContext.tsx(37,23): error TS2339: Property 'on' does not exist on type '{ request: (args: { method: string; params?: unknown[] | undefined; }) => Promise<unknown[]>; }'.
src/context/WalletContext.tsx(42,25): error TS2339: Property 'removeListener' does not exist on type '{ request: (args: { method: string; params?: unknown[] | undefined; }) => Promise<unknown[]>; }'.
src/context/WalletContext.tsx(43,25): error TS2339: Property 'removeListener' does not exist on type '{ request: (args: { method: string; params?: unknown[] | undefined; }) => Promise<unknown[]>; }'.
src/context/WalletContext.tsx(44,25): error TS2339: Property 'removeListener' does not exist on type '{ request: (args: { method: string; params?: unknown[] | undefined; }) => Promise<unknown[]>; }'.
src/context/WalletContext.tsx(61,11): error TS2322: Type 'unknown' is not assignable to type 'string | null'.
src/context/WalletContext.tsx(62,29): error TS2345: Argument of type 'unknown[]' is not assignable to parameter of type 'string'.
src/context/WalletContext.tsx(128,9): error TS2322: Type 'unknown' is not assignable to type 'string | null'.
src/context/WalletContext.tsx(129,27): error TS2345: Argument of type 'unknown[]' is not assignable to parameter of type 'string'.
src/context/WalletContext.tsx(156,13): error TS18048: 'window.ethereum' is possibly 'undefined'.
src/context/WalletContext.tsx(176,31): error TS18048: 'window.ethereum' is possibly 'undefined'.
src/context/WalletContext.tsx(180,14): error TS2352: Conversion of type 'unknown[]' to type 'string' may be a mistake because neither type sufficiently overlaps with the other. If this was intentional, convert the expression to 'unknown' first.
src/context/WalletContext.tsx(212,5): error TS2717: Subsequent property declarations must have the same type.  Property 'ethereum' must be of type '{ request: (args: { method: string; params?: unknown[] | undefined; }) => Promise<unknown[]>; } | undefined', but here has type '{ request: (args: { method: string; params?: unknown[] | undefined; }) => Promise<unknown>; on: (event: string, handler: (...args: unknown[]) => void) => void; removeListener: (event: string, handler: (...args: unknown[]) => void) => void; } | undefined'.
src/hooks/useMetaMask.ts(19,5): error TS2717: Subsequent property declarations must have the same type.  Property 'ethereum' must be of type '{ request: (args: { method: string; params?: unknown[] | undefined; }) => Promise<unknown[]>; } | undefined', but here has type 'any'.
src/pages/LoginPage.tsx(7,18): error TS6133: 'setIsOpen' is declared but its value is never read.
src/pages/LoginPage.tsx(9,17): error TS6133: 'isLoading' is declared but its value is never read.
src/router/Routes.tsx(7,1): error TS6133: 'BusinessApplicationForm' is declared but its value is never read.
src/sites/metamask/MetaMaskLogin.tsx(13,3): error TS6133: 'ExternalLink' is declared but its value is never read.
src/sites/metamask/MetaMaskLogin.tsx(61,15): error TS6133: 'nonce' is declared but its value is never read.
src/sites/payments/DisbursementPage.tsx(11,3): error TS6133: 'ExternalLink' is declared but its value is never read.
src/sites/payments/DisbursementPage.tsx(36,9): error TS6133: 'user' is declared but its value is never read.
src/sites/payments/DisbursementPage.tsx(78,28): error TS2345: Argument of type 'unknown' is not assignable to parameter of type 'SetStateAction<string | null>'.
src/sites/payments/ReceiptPage.tsx(13,3): error TS6133: 'ExternalLink' is declared but its value is never read.
